// Jest Snapshot v1, https://goo.gl/fbAQLP

exports[`Pruebas en <PrimeraApp /> Debe de mostrar <PrimeraApp /> correctamente 1`] = `
<Fragment>
  <h1>
    hola mundo
  </h1>
  <p>
    Soy un parrafo desde defaultProps
  </p>
</Fragment>
`;
